leading   = 0
trailing  = 1
center    = 3
red    = 2
authorized = undefined
