* Test Graphics/Primitive Library
pt0: x = 11, y = 12
pt1: x = 13, y = 12
Clone rect ... OK
Bye
