usage: jsrunner [options] script-file1 script-file2 ...
  [options]
    --help, -h        : Print this message
    --version         : Print version
    --no-strict       : Do not use strict mode (default: use strict)
    --interactive, -i : Activate interactive mode
