Define operation object
* Hello from constructor
End of operation object
* Hello from main
