Info.plist
JSTools.entitlements
JSTools.xcodeproj
ecode = 0
