[31mSyntaxError: Unexpected identifier 'hoge'. Expected ';' after variable declaration.
[0m[31mTypeError: undefined is not an object
[0m