url0 = file:///Users/tomoo/Project/JSTools/OSX/tmp_dir/a; 
